2026-06-25 15:05:24,234 | INFO | Project structure detected: {'data': True, 'data/clean': True, 'notebooks': False, 'src': False, 'scripts': False, 'models': False, 'outputs': True, 'pipelines': True}
2026-06-25 15:05:24,269 | INFO | Candidate C:\Users\ACER\Documents\ML_BD_Project_CK\ML-DB-project\data\clean\sdg16_spark.csv scored (1, 1, 1, 19, 10150)
2026-06-25 15:05:24,270 | INFO | Using data file: C:\Users\ACER\Documents\ML_BD_Project_CK\ML-DB-project\data\clean\sdg16_spark.csv
2026-06-25 15:05:24,271 | INFO | Detected columns | country=country | year=year | target=goal16
2026-06-25 15:05:24,556 | INFO | Train years: 2000-2018
2026-06-25 15:05:24,556 | INFO | Test years: 2019-2023
2026-06-25 15:05:24,557 | INFO | Prepared data shape: (10150, 35); feature count: 31
2026-06-25 15:05:24,558 | INFO | Training Model 1: Elastic Net Regression
2026-06-25 15:05:28,918 | INFO | Model 1 metrics: {'RMSE': 0.2638841614414802, 'MAE': 0.19443295651151524, 'R2': 0.9996862342755785, 'MAPE': 0.32114531711099703}
2026-06-25 15:05:28,918 | INFO | Training Model 2: XGBoost Regression
2026-06-25 15:05:28,919 | ERROR | xgboost is not installed. Run: pip install xgboost
2026-06-25 15:05:28,919 | INFO | Training Model 3: ARIMAX/ARIMA forecast for Vietnam
2026-06-25 15:05:29,618 | INFO | Model 3 used ARIMAX with order (1, 0, 1)
2026-06-25 15:05:57,129 | INFO | Project structure detected: {'data': True, 'data/clean': True, 'notebooks': False, 'src': False, 'scripts': False, 'models': False, 'outputs': True, 'pipelines': True}
2026-06-25 15:05:57,158 | INFO | Candidate C:\Users\ACER\Documents\ML_BD_Project_CK\ML-DB-project\data\clean\sdg16_spark.csv scored (1, 1, 1, 19, 10150)
2026-06-25 15:05:57,159 | INFO | Using data file: C:\Users\ACER\Documents\ML_BD_Project_CK\ML-DB-project\data\clean\sdg16_spark.csv
2026-06-25 15:05:57,160 | INFO | Detected columns | country=country | year=year | target=goal16
2026-06-25 15:05:57,264 | INFO | Train years: 2000-2018
2026-06-25 15:05:57,264 | INFO | Test years: 2019-2023
2026-06-25 15:05:57,264 | INFO | Prepared data shape: (10150, 35); feature count: 30
2026-06-25 15:05:57,265 | INFO | Training Model 1: Elastic Net Regression
2026-06-25 15:05:59,067 | INFO | Model 1 metrics: {'RMSE': 2.7948523670187795, 'MAE': 1.9906503345265807, 'R2': 0.9648037336761921, 'MAPE': 3.2616838785351647}
2026-06-25 15:05:59,068 | INFO | Training Model 2: XGBoost Regression
2026-06-25 15:05:59,070 | ERROR | xgboost is not installed. Run: pip install xgboost
2026-06-25 15:05:59,070 | INFO | Training Model 3: ARIMAX/ARIMA forecast for Vietnam
2026-06-25 15:05:59,577 | INFO | Model 3 used ARIMAX with order (1, 0, 1)
2026-06-25 15:06:51,912 | INFO | Project structure detected: {'data': True, 'data/clean': True, 'notebooks': False, 'src': False, 'scripts': False, 'models': False, 'outputs': True, 'pipelines': True}
2026-06-25 15:06:51,939 | INFO | Candidate C:\Users\ACER\Documents\ML_BD_Project_CK\ML-DB-project\data\clean\sdg16_spark.csv scored (1, 1, 1, 19, 10150)
2026-06-25 15:06:51,940 | INFO | Using data file: C:\Users\ACER\Documents\ML_BD_Project_CK\ML-DB-project\data\clean\sdg16_spark.csv
2026-06-25 15:06:51,941 | INFO | Detected columns | country=country | year=year | target=goal16
2026-06-25 15:06:52,039 | INFO | Train years: 2000-2018
2026-06-25 15:06:52,039 | INFO | Test years: 2019-2023
2026-06-25 15:06:52,040 | INFO | Prepared data shape: (10150, 35); feature count: 30
2026-06-25 15:06:52,040 | INFO | Training Model 1: Elastic Net Regression
2026-06-25 15:06:53,847 | INFO | Model 1 metrics: {'RMSE': 2.7948523670187795, 'MAE': 1.9906503345265807, 'R2': 0.9648037336761921, 'MAPE': 3.2616838785351647}
2026-06-25 15:06:53,848 | INFO | Training Model 2: XGBoost Regression
2026-06-25 15:07:18,553 | INFO | Project structure detected: {'data': True, 'data/clean': True, 'notebooks': False, 'src': False, 'scripts': False, 'models': False, 'outputs': True, 'pipelines': True}
2026-06-25 15:07:18,579 | INFO | Candidate C:\Users\ACER\Documents\ML_BD_Project_CK\ML-DB-project\data\clean\sdg16_spark.csv scored (1, 1, 1, 19, 10150)
2026-06-25 15:07:18,580 | INFO | Using data file: C:\Users\ACER\Documents\ML_BD_Project_CK\ML-DB-project\data\clean\sdg16_spark.csv
2026-06-25 15:07:18,581 | INFO | Detected columns | country=country | year=year | target=goal16
2026-06-25 15:07:18,676 | INFO | Train years: 2000-2018
2026-06-25 15:07:18,676 | INFO | Test years: 2019-2023
2026-06-25 15:07:18,677 | INFO | Prepared data shape: (10150, 35); feature count: 30
2026-06-25 15:07:18,677 | INFO | Training Model 1: Elastic Net Regression
2026-06-25 15:07:20,933 | INFO | Model 1 metrics: {'RMSE': 2.7948523670187795, 'MAE': 1.9906503345265807, 'R2': 0.9648037336761921, 'MAPE': 3.2616838785351647}
2026-06-25 15:07:20,933 | INFO | Training Model 2: XGBoost Regression
2026-06-25 15:07:23,470 | INFO | Model 2 metrics: {'RMSE': 2.548870203710367, 'MAE': 1.6509579391247184, 'R2': 0.9707265241707036, 'MAPE': 2.7629202181513586}
2026-06-25 15:07:23,470 | INFO | Training Model 3: ARIMAX/ARIMA forecast for Vietnam
2026-06-25 15:07:23,976 | INFO | Model 3 used ARIMAX with order (1, 0, 1)
2026-06-25 15:07:53,021 | INFO | Project structure detected: {'data': True, 'data/clean': True, 'notebooks': False, 'src': False, 'scripts': False, 'models': False, 'outputs': True, 'pipelines': True}
2026-06-25 15:07:53,049 | INFO | Candidate C:\Users\ACER\Documents\ML_BD_Project_CK\ML-DB-project\data\clean\sdg16_spark.csv scored (1, 1, 1, 19, 10150)
2026-06-25 15:07:53,049 | INFO | Using data file: C:\Users\ACER\Documents\ML_BD_Project_CK\ML-DB-project\data\clean\sdg16_spark.csv
2026-06-25 15:07:53,051 | INFO | Detected columns | country=country | year=year | target=goal16
2026-06-25 15:07:53,153 | INFO | Train years: 2000-2018
2026-06-25 15:07:53,153 | INFO | Test years: 2019-2023
2026-06-25 15:07:53,154 | INFO | Prepared data shape: (10150, 35); feature count: 30
2026-06-25 15:07:53,154 | INFO | Training Model 1: Elastic Net Regression
2026-06-25 15:07:55,418 | INFO | Model 1 metrics: {'RMSE': 2.7948523670187795, 'MAE': 1.9906503345265807, 'R2': 0.9648037336761921, 'MAPE': 3.2616838785351647}
2026-06-25 15:07:55,419 | INFO | Training Model 2: XGBoost Regression
2026-06-25 15:07:57,099 | INFO | Model 2 metrics: {'RMSE': 2.548870203710367, 'MAE': 1.6509579391247184, 'R2': 0.9707265241707036, 'MAPE': 2.7629202181513586}
2026-06-25 15:07:57,100 | INFO | Training Model 3: ARIMAX/ARIMA forecast for Vietnam
2026-06-25 15:07:57,604 | INFO | Model 3 used ARIMAX with order (1, 0, 1)
2026-06-25 15:22:02,697 | INFO | Project structure detected: {'data': True, 'data/clean': True, 'notebooks': False, 'src': False, 'scripts': False, 'models': False, 'outputs': True, 'pipelines': True, 'pipelines/modeling': True}
2026-06-25 15:22:02,724 | INFO | Candidate C:\Users\ACER\Documents\ML_BD_Project_CK\ML-DB-project\data\clean\sdg16_spark.csv scored (1, 1, 1, 19, 10150)
2026-06-25 15:22:02,724 | INFO | Using data file: C:\Users\ACER\Documents\ML_BD_Project_CK\ML-DB-project\data\clean\sdg16_spark.csv
2026-06-25 15:22:02,726 | INFO | Detected columns | country=country | year=year | target=goal16
2026-06-25 15:22:02,830 | INFO | Train years: 2000-2018
2026-06-25 15:22:02,830 | INFO | Test years: 2019-2023
2026-06-25 15:22:02,830 | INFO | Prepared data shape: (10150, 35); feature count: 30
2026-06-25 15:22:02,831 | INFO | Training Model 1: Elastic Net Regression
2026-06-25 15:22:04,718 | INFO | Model 1 metrics: {'RMSE': 2.7948523670187795, 'MAE': 1.9906503345265807, 'R2': 0.9648037336761921, 'MAPE': 3.2616838785351647}
2026-06-25 15:22:04,720 | INFO | Training Model 2: XGBoost Regression
2026-06-25 15:22:07,050 | INFO | Model 2 metrics: {'RMSE': 2.548870203710367, 'MAE': 1.6509579391247184, 'R2': 0.9707265241707036, 'MAPE': 2.7629202181513586}
2026-06-25 15:22:07,051 | INFO | Training Model 3: ARIMAX/ARIMA forecast for Vietnam
2026-06-25 15:22:07,516 | INFO | Model 3 used ARIMAX with order (1, 1, 0) and exog ['n_sdg16_homicide', 'n_sdg16_crime', 'n_sdg16_safe', 'delta_n_sdg16_clabor', 'n_sdg16_admin_lag_1']
2026-06-25 15:22:23,922 | INFO | Project structure detected: {'data': True, 'data/clean': True, 'notebooks': False, 'src': False, 'scripts': False, 'models': False, 'outputs': True, 'pipelines': True, 'pipelines/modeling': True}
2026-06-25 15:22:23,946 | INFO | Candidate C:\Users\ACER\Documents\ML_BD_Project_CK\ML-DB-project\data\clean\sdg16_spark.csv scored (1, 1, 1, 19, 10150)
2026-06-25 15:22:23,946 | INFO | Using data file: C:\Users\ACER\Documents\ML_BD_Project_CK\ML-DB-project\data\clean\sdg16_spark.csv
2026-06-25 15:22:23,947 | INFO | Detected columns | country=country | year=year | target=goal16
2026-06-25 15:22:24,041 | INFO | Train years: 2000-2018
2026-06-25 15:22:24,041 | INFO | Test years: 2019-2023
2026-06-25 15:22:24,042 | INFO | Prepared data shape: (10150, 35); feature count: 30
2026-06-25 15:22:24,042 | INFO | Training Model 1: Elastic Net Regression
2026-06-25 15:22:25,510 | INFO | Model 1 metrics: {'RMSE': 2.7948523670187795, 'MAE': 1.9906503345265807, 'R2': 0.9648037336761921, 'MAPE': 3.2616838785351647}
2026-06-25 15:22:25,511 | INFO | Training Model 2: XGBoost Regression
2026-06-25 15:22:27,792 | INFO | Model 2 metrics: {'RMSE': 2.548870203710367, 'MAE': 1.6509579391247184, 'R2': 0.9707265241707036, 'MAPE': 2.7629202181513586}
2026-06-25 15:22:27,793 | INFO | Training Model 3: ARIMAX/ARIMA forecast for Vietnam
2026-06-25 15:22:28,272 | INFO | Model 3 used ARIMAX with order (1, 1, 0) and exog ['n_sdg16_homicide', 'n_sdg16_crime', 'n_sdg16_safe', 'delta_n_sdg16_clabor', 'n_sdg16_admin_lag_1']
2026-06-25 21:14:55,756 | INFO | Project structure detected: {'data': True, 'data/clean': True, 'notebooks': False, 'src': False, 'scripts': False, 'models': False, 'outputs': True, 'pipelines': True, 'pipelines/modeling': True}
2026-06-25 21:14:55,796 | INFO | Candidate C:\Users\ACER\Documents\ML_BD_Project_CK\ML-DB-project\data\clean\sdg16_spark.csv scored (1, 1, 1, 19, 10150)
2026-06-25 21:14:55,796 | INFO | Using data file: C:\Users\ACER\Documents\ML_BD_Project_CK\ML-DB-project\data\clean\sdg16_spark.csv
2026-06-25 21:14:55,799 | INFO | Detected columns | country=country | year=year | target=goal16
2026-06-25 21:14:55,919 | INFO | Train years: 2000-2018
2026-06-25 21:14:55,919 | INFO | Test years: 2019-2023
2026-06-25 21:14:55,919 | INFO | Prepared data shape: (10150, 35); feature count: 30
2026-06-25 21:14:55,919 | INFO | Training Model 1: Elastic Net Regression
2026-06-25 21:14:55,919 | INFO | Model 1 excludes target history features for interpretation: ['goal16_lag_1', 'goal16_lag_2', 'goal16_rolling_mean_3']
2026-06-25 21:14:58,165 | INFO | Model 1 metrics: {'RMSE': 7.9002590588442, 'MAE': 5.58633369783116, 'R2': 0.718770084512236, 'MAPE': 9.536691204825148}
2026-06-25 21:14:58,166 | INFO | Training Model 2: XGBoost Regression
2026-06-25 21:15:00,726 | INFO | Model 2 metrics: {'RMSE': 2.548870203710367, 'MAE': 1.6509579391247184, 'R2': 0.9707265241707036, 'MAPE': 2.7629202181513586}
2026-06-25 21:15:00,727 | INFO | Training Model 3: ARIMAX/ARIMA forecast for Vietnam
2026-06-25 21:15:01,199 | INFO | Model 3 used ARIMAX with order (1, 0, 1) and exog ['n_sdg16_homicides', 'n_sdg16_detain', 'n_sdg16_cpi', 'n_sdg16_cpi_lag_1', 'n_sdg16_u5reg']
2026-06-25 21:15:15,412 | INFO | Project structure detected: {'data': True, 'data/clean': True, 'notebooks': False, 'src': False, 'scripts': False, 'models': False, 'outputs': True, 'pipelines': True, 'pipelines/modeling': True}
2026-06-25 21:15:15,438 | INFO | Candidate C:\Users\ACER\Documents\ML_BD_Project_CK\ML-DB-project\data\clean\sdg16_spark.csv scored (1, 1, 1, 19, 10150)
2026-06-25 21:15:15,438 | INFO | Using data file: C:\Users\ACER\Documents\ML_BD_Project_CK\ML-DB-project\data\clean\sdg16_spark.csv
2026-06-25 21:15:15,439 | INFO | Detected columns | country=country | year=year | target=goal16
2026-06-25 21:15:15,540 | INFO | Train years: 2000-2018
2026-06-25 21:15:15,540 | INFO | Test years: 2019-2023
2026-06-25 21:15:15,540 | INFO | Prepared data shape: (10150, 35); feature count: 30
2026-06-25 21:15:15,540 | INFO | Training Model 1: Elastic Net Regression
2026-06-25 21:15:15,541 | INFO | Model 1 excludes target history features for interpretation: ['goal16_lag_1', 'goal16_lag_2', 'goal16_rolling_mean_3']
2026-06-25 21:15:16,999 | INFO | Model 1 metrics: {'RMSE': 7.900306541221754, 'MAE': 5.586389210900881, 'R2': 0.7187667039888744, 'MAPE': 9.536838295878512}
2026-06-25 21:15:17,000 | INFO | Training Model 2: XGBoost Regression
2026-06-25 21:15:19,321 | INFO | Model 2 metrics: {'RMSE': 2.548870203710367, 'MAE': 1.6509579391247184, 'R2': 0.9707265241707036, 'MAPE': 2.7629202181513586}
2026-06-25 21:15:19,322 | INFO | Training Model 3: ARIMAX/ARIMA forecast for Vietnam
2026-06-25 21:15:19,773 | INFO | Model 3 used ARIMAX with order (1, 0, 1) and exog ['n_sdg16_homicides', 'n_sdg16_detain', 'n_sdg16_cpi', 'n_sdg16_cpi_lag_1', 'n_sdg16_u5reg']
2026-06-25 21:34:18,652 | INFO | Project structure detected: {'data': True, 'data/clean': True, 'notebooks': False, 'src': False, 'scripts': False, 'models': False, 'outputs': True, 'pipelines': True, 'pipelines/modeling': True}
2026-06-25 21:34:18,677 | INFO | Candidate C:\Users\ACER\Documents\ML_BD_Project_CK\ML-DB-project\data\clean\sdg16_spark.csv scored (1, 1, 1, 19, 10150)
2026-06-25 21:34:18,677 | INFO | Using data file: C:\Users\ACER\Documents\ML_BD_Project_CK\ML-DB-project\data\clean\sdg16_spark.csv
2026-06-25 21:34:18,680 | INFO | Detected columns | country=country | year=year | target=goal16
2026-06-25 21:34:18,770 | INFO | Train years: 2000-2018
2026-06-25 21:34:18,770 | INFO | Test years: 2019-2023
2026-06-25 21:34:18,770 | INFO | Prepared data shape: (10150, 35); feature count: 30
2026-06-25 21:34:18,770 | INFO | Training Model 1: Elastic Net Regression
2026-06-25 21:34:18,770 | INFO | Model 1 excludes target history features for interpretation: ['goal16_lag_1', 'goal16_lag_2', 'goal16_rolling_mean_3']
2026-06-25 21:34:20,033 | INFO | Model 1 metrics: {'RMSE': 7.900306541221754, 'MAE': 5.586389210900881, 'R2': 0.7187667039888744, 'MAPE': 9.536838295878512}
2026-06-25 21:34:20,033 | INFO | Training Model 2: XGBoost Regression
2026-06-25 21:34:22,373 | INFO | Model 2 metrics: {'RMSE': 2.548870203710367, 'MAE': 1.6509579391247184, 'R2': 0.9707265241707036, 'MAPE': 2.7629202181513586}
2026-06-25 21:34:22,374 | INFO | Training Model 3: ARIMAX/ARIMA forecast for Vietnam
2026-06-25 21:34:22,828 | INFO | Model 3 used ARIMAX with order (1, 0, 1) and exog ['n_sdg16_homicides', 'n_sdg16_detain', 'n_sdg16_cpi', 'n_sdg16_cpi_lag_1', 'n_sdg16_u5reg']
2026-06-25 22:02:19,077 | INFO | Project structure detected: {'data': True, 'data/clean': True, 'notebooks': False, 'src': False, 'scripts': False, 'models': False, 'outputs': True, 'pipelines': True, 'pipelines/modeling': True}
2026-06-25 22:02:19,103 | INFO | Candidate C:\Users\ACER\Documents\ML_BD_Project_CK\ML-DB-project\data\clean\sdg16_spark.csv scored (1, 1, 1, 19, 10150)
2026-06-25 22:02:19,103 | INFO | Using data file: C:\Users\ACER\Documents\ML_BD_Project_CK\ML-DB-project\data\clean\sdg16_spark.csv
2026-06-25 22:02:19,105 | INFO | Detected columns | country=country | year=year | target=goal16
2026-06-25 22:02:19,200 | INFO | Train years: 2000-2018
2026-06-25 22:02:19,200 | INFO | Test years: 2019-2023
2026-06-25 22:02:19,201 | INFO | Prepared data shape: (10150, 35); feature count: 30
2026-06-25 22:02:19,201 | INFO | Training Model 1: Elastic Net Regression
2026-06-25 22:02:19,201 | INFO | Model 1 excludes target history features for interpretation: ['goal16_lag_1', 'goal16_lag_2', 'goal16_rolling_mean_3']
2026-06-25 22:02:20,561 | INFO | Model 1 metrics: {'RMSE': 7.900306541221754, 'MAE': 5.586389210900881, 'R2': 0.7187667039888744, 'MAPE': 9.536838295878512}
2026-06-25 22:02:20,561 | INFO | Training Model 2: XGBoost Regression
2026-06-25 22:02:23,099 | INFO | Model 2 metrics: {'RMSE': 2.548870203710367, 'MAE': 1.6509579391247184, 'R2': 0.9707265241707036, 'MAPE': 2.7629202181513586}
2026-06-25 22:02:23,100 | INFO | Training Model 3: ARIMAX/ARIMA forecast for Vietnam
2026-06-25 22:02:23,755 | INFO | Model 3 used ARIMAX with order (1, 0, 1) and exog ['n_sdg16_homicides', 'n_sdg16_detain', 'n_sdg16_cpi', 'n_sdg16_cpi_lag_1', 'n_sdg16_u5reg']
2026-06-26 08:55:59,934 | INFO | Project structure detected: {'data': True, 'data/clean': True, 'notebooks': False, 'src': False, 'scripts': False, 'models': False, 'outputs': True, 'pipelines': True, 'pipelines/modeling': True}
2026-06-26 08:56:00,026 | INFO | Candidate C:\Users\ACER\Documents\ML_BD_Project_CK\ML-DB-project\data\clean\sdg16_spark.csv scored (1, 1, 1, 19, 10150)
2026-06-26 08:56:00,026 | INFO | Using data file: C:\Users\ACER\Documents\ML_BD_Project_CK\ML-DB-project\data\clean\sdg16_spark.csv
2026-06-26 08:56:00,032 | INFO | Detected columns | country=country | year=year | target=goal16
2026-06-26 08:56:00,174 | INFO | Train years: 2000-2018
2026-06-26 08:56:00,174 | INFO | Test years: 2019-2023
2026-06-26 08:56:00,182 | INFO | Prepared data shape: (10150, 35); feature count: 30
2026-06-26 08:56:00,182 | INFO | Training Model 1: Elastic Net Regression
2026-06-26 08:56:00,182 | INFO | Model 1 excludes target history features for interpretation: ['goal16_lag_1', 'goal16_lag_2', 'goal16_rolling_mean_3']
2026-06-26 08:56:03,015 | INFO | Model 1 metrics: {'RMSE': 7.900306541221754, 'MAE': 5.586389210900881, 'R2': 0.7187667039888744, 'MAPE': 9.536838295878512}
2026-06-26 08:56:03,015 | INFO | Training Model 2: XGBoost Regression
2026-06-26 08:56:07,540 | INFO | Model 2 metrics: {'RMSE': 2.548870203710367, 'MAE': 1.6509579391247184, 'R2': 0.9707265241707036, 'MAPE': 2.7629202181513586}
2026-06-26 08:56:07,540 | INFO | Training Model 3: ARIMAX/ARIMA forecast for Vietnam
2026-06-26 08:56:08,497 | INFO | Model 3 used ARIMAX with order (1, 0, 1) and exog ['n_sdg16_homicides', 'n_sdg16_detain', 'n_sdg16_cpi', 'n_sdg16_cpi_lag_1', 'n_sdg16_u5reg']
2026-06-26 09:10:24,859 | INFO | Project structure detected: {'data': True, 'data/clean': True, 'notebooks': False, 'src': False, 'scripts': False, 'models': False, 'outputs': True, 'pipelines': True, 'pipelines/modeling': True}
2026-06-26 09:10:24,897 | INFO | Candidate C:\Users\ACER\Documents\ML_BD_Project_CK\ML-DB-project\data\clean\sdg16_spark.csv scored (1, 1, 1, 19, 10150)
2026-06-26 09:10:24,897 | INFO | Using data file: C:\Users\ACER\Documents\ML_BD_Project_CK\ML-DB-project\data\clean\sdg16_spark.csv
2026-06-26 09:10:24,899 | INFO | Detected columns | country=country | year=year | target=goal16
2026-06-26 09:10:25,046 | INFO | Train years: 2000-2018
2026-06-26 09:10:25,047 | INFO | Test years: 2019-2023
2026-06-26 09:10:25,047 | INFO | Prepared data shape: (10150, 35); feature count: 30
2026-06-26 09:10:25,049 | INFO | Training Model 1: Elastic Net Regression
2026-06-26 09:10:25,049 | INFO | Model 1 excludes target history features for interpretation: ['goal16_lag_1', 'goal16_lag_2', 'goal16_rolling_mean_3']
2026-06-26 09:10:30,231 | INFO | Model 1 metrics: {'RMSE': 7.900306541221754, 'MAE': 5.586389210900881, 'R2': 0.7187667039888744, 'MAPE': 9.536838295878512}
2026-06-26 09:10:30,232 | INFO | Training Model 2: XGBoost Regression
2026-06-26 09:10:33,218 | INFO | Model 2 metrics: {'RMSE': 2.548870203710367, 'MAE': 1.6509579391247184, 'R2': 0.9707265241707036, 'MAPE': 2.7629202181513586}
2026-06-26 09:10:33,220 | INFO | Training Model 3: ARIMAX/ARIMA forecast for Vietnam
2026-06-26 09:10:34,114 | INFO | Model 3 used ARIMAX with order (1, 1, 1) and exog ['n_sdg16_homicides', 'n_sdg16_detain', 'n_sdg16_cpi', 'n_sdg16_u5reg', 'n_sdg16_admin']
2026-06-26 09:11:11,697 | INFO | Project structure detected: {'data': True, 'data/clean': True, 'notebooks': False, 'src': False, 'scripts': False, 'models': False, 'outputs': True, 'pipelines': True, 'pipelines/modeling': True}
2026-06-26 09:11:11,730 | INFO | Candidate C:\Users\ACER\Documents\ML_BD_Project_CK\ML-DB-project\data\clean\sdg16_spark.csv scored (1, 1, 1, 19, 10150)
2026-06-26 09:11:11,730 | INFO | Using data file: C:\Users\ACER\Documents\ML_BD_Project_CK\ML-DB-project\data\clean\sdg16_spark.csv
2026-06-26 09:11:11,733 | INFO | Detected columns | country=country | year=year | target=goal16
2026-06-26 09:11:11,871 | INFO | Train years: 2000-2018
2026-06-26 09:11:11,871 | INFO | Test years: 2019-2023
2026-06-26 09:11:11,872 | INFO | Prepared data shape: (10150, 35); feature count: 30
2026-06-26 09:11:11,872 | INFO | Training Model 1: Elastic Net Regression
2026-06-26 09:11:11,872 | INFO | Model 1 excludes target history features for interpretation: ['goal16_lag_1', 'goal16_lag_2', 'goal16_rolling_mean_3']
2026-06-26 09:11:13,935 | INFO | Model 1 metrics: {'RMSE': 7.900306541221754, 'MAE': 5.586389210900881, 'R2': 0.7187667039888744, 'MAPE': 9.536838295878512}
2026-06-26 09:11:13,936 | INFO | Training Model 2: XGBoost Regression
2026-06-26 09:11:16,790 | INFO | Model 2 metrics: {'RMSE': 2.548870203710367, 'MAE': 1.6509579391247184, 'R2': 0.9707265241707036, 'MAPE': 2.7629202181513586}
2026-06-26 09:11:16,791 | INFO | Training Model 3: ARIMAX/ARIMA forecast for Vietnam
2026-06-26 09:11:17,460 | INFO | Model 3 used ARIMAX with order (1, 0, 1) and exog ['n_sdg16_homicides', 'n_sdg16_detain', 'n_sdg16_cpi']
2026-06-26 09:36:11,859 | INFO | Project structure detected: {'data': True, 'data/clean': True, 'notebooks': False, 'src': False, 'scripts': False, 'models': False, 'outputs': True, 'pipelines': True, 'pipelines/modeling': True}
2026-06-26 09:36:11,900 | INFO | Candidate C:\Users\ACER\Documents\ML_BD_Project_CK\ML-DB-project\data\clean\sdg16_spark.csv scored (1, 1, 1, 19, 10150)
2026-06-26 09:36:11,900 | INFO | Using data file: C:\Users\ACER\Documents\ML_BD_Project_CK\ML-DB-project\data\clean\sdg16_spark.csv
2026-06-26 09:36:11,902 | INFO | Detected columns | country=country | year=year | target=goal16
2026-06-26 09:36:12,031 | INFO | Train years: 2000-2018
2026-06-26 09:36:12,033 | INFO | Test years: 2019-2023
2026-06-26 09:36:12,033 | INFO | Prepared data shape: (10150, 35); feature count: 30
2026-06-26 09:36:12,033 | INFO | Training Model 1: Elastic Net Regression
2026-06-26 09:36:12,033 | INFO | Model 1 excludes target history features for interpretation: ['goal16_lag_1', 'goal16_lag_2', 'goal16_rolling_mean_3']
2026-06-26 09:36:13,952 | INFO | Model 1 metrics: {'RMSE': 7.900306541221754, 'MAE': 5.586389210900881, 'R2': 0.7187667039888744, 'MAPE': 9.536838295878512}
2026-06-26 09:36:13,953 | INFO | Training Model 2: XGBoost Regression
2026-06-26 09:36:16,668 | INFO | Model 2 metrics: {'RMSE': 2.548870203710367, 'MAE': 1.6509579391247184, 'R2': 0.9707265241707036, 'MAPE': 2.7629202181513586}
2026-06-26 09:36:16,673 | INFO | Training Model 3: ARIMAX/ARIMA forecast for Vietnam
2026-06-26 09:36:17,215 | INFO | Model 3 used ARIMAX with order (1, 0, 1) and exog ['n_sdg16_homicides', 'n_sdg16_detain', 'n_sdg16_cpi']
